// Jest Snapshot v1, https://goo.gl/fbAQLP

exports[`RoomCard should render header, logo redirects to homepage 1`] = `
<div>
  <div
    class="flex flex-col border border-black rounded-md cursor-pointer hover:shadow-2xl transition-shadow"
  >
    <a
      href="/room/idMock"
    >
      <img
        alt="Room"
        class="w-full"
        src="imageUrlMock"
      />
      <div
        class="p-2 flex flex-col"
      >
        <div
          class="text-lg md:text-2xl font-semibold"
        >
          nameMock
        </div>
        <div
          class="pb-4 md:text-lg"
        >
          subtitleMock
        </div>
        <div
          class="flex justify-end items-center"
        >
          <div
            class="flex items-center"
          >
            <div
              class="text-lg md:text-xl"
            >
              3.5
            </div>
            <svg
              class="ml-1 w-5 h-5 mb-1 text-ant"
            >
              star.svg
            </svg>
          </div>
        </div>
      </div>
    </a>
  </div>
</div>
`;
